** Drc report for MotorCAN.kicad_pcb **
** Created on 2026-07-12T11:43:17 **
** Report includes: Errors, Warnings **

** Found 151 DRC violations **
[clearance]: Clearance violation ( clearance 0.2000 mm; actual 0.1500 mm)
    Local override; error
    @(139.2000 mm, 68.3200 mm): Track [/VIN] on F.Cu, length 0.1500 mm
    @(139.8500 mm, 68.3200 mm): Track [GND] on F.Cu, length 0.5250 mm
[shorting_items]: Items shorting two nets (nets GND and /SPICLK)
    Local override; error
    @(126.8000 mm, 53.5000 mm): Via [GND] on F.Cu - B.Cu
    @(125.0500 mm, 51.3432 mm): Track [/SPICLK] on F.Cu, length 6.5938 mm
[clearance]: Clearance violation ( clearance 0.2000 mm; actual 0.1820 mm)
    Local override; error
    @(137.6000 mm, 62.3750 mm): Pad 1 [/AVDD_] of C14 on F.Cu
    @(136.5966 mm, 62.4308 mm): Track [/INA] on F.Cu, length 0.3584 mm
[shorting_items]: Items shorting two nets (nets Net-(U1-PC13) and GND)
    Local override; error
    @(124.7469 mm, 43.3700 mm): Track [Net-(U1-PC13)] on F.Cu, length 3.7252 mm
    @(126.3000 mm, 45.3000 mm): Via [GND] on F.Cu - B.Cu
[clearance]: Clearance violation ( clearance 0.2000 mm; actual 0.1820 mm)
    Local override; error
    @(137.6000 mm, 62.3750 mm): Pad 1 [/AVDD_] of C14 on F.Cu
    @(136.8500 mm, 62.6842 mm): Track [/INA] on F.Cu, length 0.8358 mm
[shorting_items]: Items shorting two nets (nets /INAL and GND)
    Local override; error
    @(136.1966 mm, 61.4034 mm): Track [/INAL] on B.Cu, length 10.2760 mm
    @(136.3000 mm, 58.1000 mm): Via [GND] on F.Cu - B.Cu
[clearance]: Clearance violation ( clearance 0.2000 mm; actual 0.1420 mm)
    Local override; error
    @(130.7000 mm, 55.3250 mm): Pad 1 [+3V3] of FB1 on F.Cu
    @(125.5500 mm, 51.2751 mm): Track [/MISO] on F.Cu, length 7.9557 mm
[clearance]: Clearance violation ( clearance 0.2000 mm; actual 0.1500 mm)
    Local override; error
    @(139.3500 mm, 68.3500 mm): Track [/VIN] on F.Cu, length 0.0300 mm
    @(139.8500 mm, 68.3200 mm): Track [GND] on F.Cu, length 0.5250 mm
[clearance]: Clearance violation ( clearance 0.2000 mm; actual 0.1000 mm)
    Local override; error
    @(139.8500 mm, 67.7950 mm): Track [GND] on F.Cu, length 2.6517 mm
    @(140.5000 mm, 67.6700 mm): Pad 13 [/OUTA] of U2 on F.Cu
[clearance]: Clearance violation ( clearance 0.2000 mm; actual 0.1500 mm)
    Local override; error
    @(140.5000 mm, 65.9000 mm): Track [/OUTB] on F.Cu, length 0.2700 mm
    @(140.5000 mm, 66.6700 mm): Track [GND] on F.Cu, length 1.3000 mm
[clearance]: Clearance violation ( clearance 0.2000 mm; actual 0.1874 mm)
    Local override; error
    @(140.8257 mm, 64.4257 mm): Track [/OUTC] on F.Cu, length 2.0485 mm
    @(140.5000 mm, 65.1700 mm): Track [GND] on F.Cu, length 1.2000 mm
[clearance]: Clearance violation ( clearance 0.2000 mm; actual 0.1509 mm)
    Local override; error
    @(139.0000 mm, 68.7000 mm): Track [/VIN] on F.Cu, length 0.4950 mm
    @(139.8500 mm, 68.3200 mm): Track [GND] on F.Cu, length 0.5250 mm
[clearance]: Clearance violation ( clearance 0.2000 mm; actual 0.1642 mm)
    Local override; error
    @(140.8000 mm, 67.4000 mm): Track [/OUTA] on F.Cu, length 4.7000 mm
    @(140.5000 mm, 66.6700 mm): Track [GND] on F.Cu, length 1.3000 mm
[clearance]: Clearance violation ( clearance 0.2000 mm; actual 0.1500 mm)
    Local override; error
    @(140.5000 mm, 67.1700 mm): Track [/OUTA] on F.Cu, length 0.2300 mm
    @(140.5000 mm, 66.6700 mm): Track [GND] on F.Cu, length 1.3000 mm
[clearance]: Clearance violation ( clearance 0.2000 mm; actual 0.1500 mm)
    Local override; error
    @(140.5000 mm, 65.1700 mm): Track [GND] on F.Cu, length 1.2000 mm
    @(140.5000 mm, 65.6700 mm): Track [/OUTB] on F.Cu, length 0.2300 mm
[clearance]: Clearance violation ( clearance 0.2000 mm; actual 0.1750 mm)
    Local override; error
    @(140.5000 mm, 65.9000 mm): Track [/OUTB] on F.Cu, length 2.9000 mm
    @(137.1000 mm, 65.9200 mm): Pad 41 [GND] of U2 on F.Cu
[clearance]: Clearance violation ( clearance 0.2000 mm; actual 0.1566 mm)
    Local override; error
    @(140.5000 mm, 65.1700 mm): Track [GND] on F.Cu, length 1.2000 mm
    @(140.5815 mm, 64.6700 mm): Track [/OUTC] on F.Cu, length 0.3454 mm
[clearance]: Clearance violation ( clearance 0.2000 mm; actual 0.1500 mm)
    Local override; error
    @(140.5000 mm, 65.1700 mm): Track [GND] on F.Cu, length 1.2000 mm
    @(140.5000 mm, 64.6700 mm): Track [/OUTC] on F.Cu, length 0.0815 mm
[clearance]: Clearance violation ( clearance 0.2000 mm; actual 0.1900 mm)
    Local override; error
    @(114.7600 mm, 53.1200 mm): Pad 2 [GND] of U3 on F.Cu
    @(114.7600 mm, 52.4800 mm): Pad 3 [+3V3] of U3 on F.Cu
[clearance]: Clearance violation ( clearance 0.2000 mm; actual 0.1900 mm)
    Local override; error
    @(112.2400 mm, 52.4800 mm): Pad 6 [/CAN-] of U3 on F.Cu
    @(112.2400 mm, 53.1200 mm): Pad 7 [/CAN+] of U3 on F.Cu
[starved_thermal]: Thermal relief connection to zone incomplete (layer F.Cu; zone min spoke count 2; actual 1)
    Local override; error
    @(83.9000 mm, 25.7000 mm): Zone 'GND' [GND] on F.Cu and B.Cu, priority 3
    @(129.0500 mm, 52.1800 mm): Pad 2 [GND] of C23 on F.Cu
[starved_thermal]: Thermal relief connection to zone incomplete (layer F.Cu; zone min spoke count 2; actual 1)
    Local override; error
    @(83.9000 mm, 25.7000 mm): Zone 'GND' [GND] on F.Cu and B.Cu, priority 3
    @(130.5500 mm, 52.1800 mm): Pad 2 [GND] of C20 on F.Cu
[silk_edge_clearance]: Silkscreen clipped by board edge
    Rule: board setup constraints silk; warning
    @(120.0000 mm, 65.0000 mm): Circle on Edge.Cuts
    @(89.3650 mm, 60.4400 mm): Segment of J2 on F.Silkscreen
[silk_edge_clearance]: Silkscreen clipped by board edge
    Rule: board setup constraints silk; warning
    @(120.0000 mm, 65.0000 mm): Circle on Edge.Cuts
    @(89.3650 mm, 70.5600 mm): Segment of J2 on F.Silkscreen
[silk_edge_clearance]: Silkscreen clipped by board edge
    Rule: board setup constraints silk; warning
    @(120.0000 mm, 65.0000 mm): Circle on Edge.Cuts
    @(96.2445 mm, 85.1492 mm): Segment of J3 on F.Silkscreen
[silk_edge_clearance]: Silkscreen clipped by board edge
    Rule: board setup constraints silk; warning
    @(120.0000 mm, 65.0000 mm): Circle on Edge.Cuts
    @(102.6509 mm, 91.5556 mm): Segment of J3 on F.Silkscreen
[hole_to_hole]: Drilled hole too close to other hole (board setup constraints min 0.2495 mm; actual 0.2332 mm)
    Rule: board setup constraints; warning
    @(135.3225 mm, 67.3225 mm): Via [GND] on F.Cu - B.Cu
    @(135.8500 mm, 67.4000 mm): Via [GND] on F.Cu - B.Cu
[holes_co_located]: Drilled holes co-located
    Local override; warning
    @(137.1000 mm, 65.9200 mm): Via [GND] on F.Cu - B.Cu
    @(137.1000 mm, 65.9200 mm): Via [GND] on F.Cu - B.Cu
[holes_co_located]: Drilled holes co-located
    Local override; warning
    @(137.1000 mm, 65.9200 mm): Via [GND] on F.Cu - B.Cu
    @(137.1000 mm, 65.9200 mm): Via [GND] on F.Cu - B.Cu
[holes_co_located]: Drilled holes co-located
    Local override; warning
    @(137.1000 mm, 65.9200 mm): Via [GND] on F.Cu - B.Cu
    @(137.1000 mm, 65.9200 mm): Via [GND] on F.Cu - B.Cu
[holes_co_located]: Drilled holes co-located
    Local override; warning
    @(137.1000 mm, 65.9200 mm): Via [GND] on F.Cu - B.Cu
    @(137.1000 mm, 65.9200 mm): Via [GND] on F.Cu - B.Cu
[holes_co_located]: Drilled holes co-located
    Local override; warning
    @(137.1000 mm, 65.9200 mm): Via [GND] on F.Cu - B.Cu
    @(137.1000 mm, 65.9200 mm): Via [GND] on F.Cu - B.Cu
[holes_co_located]: Drilled holes co-located
    Local override; warning
    @(137.1000 mm, 65.9200 mm): Via [GND] on F.Cu - B.Cu
    @(137.1000 mm, 65.9200 mm): Via [GND] on F.Cu - B.Cu
[holes_co_located]: Drilled holes co-located
    Local override; warning
    @(137.1000 mm, 65.9200 mm): Via [GND] on F.Cu - B.Cu
    @(137.1000 mm, 65.9200 mm): Via [GND] on F.Cu - B.Cu
[holes_co_located]: Drilled holes co-located
    Local override; warning
    @(137.1000 mm, 65.9200 mm): Via [GND] on F.Cu - B.Cu
    @(137.1000 mm, 65.9200 mm): Via [GND] on F.Cu - B.Cu
[holes_co_located]: Drilled holes co-located
    Local override; warning
    @(137.1000 mm, 65.9200 mm): Via [GND] on F.Cu - B.Cu
    @(137.1000 mm, 65.9200 mm): Via [GND] on F.Cu - B.Cu
[holes_co_located]: Drilled holes co-located
    Local override; warning
    @(137.1000 mm, 65.9200 mm): Via [GND] on F.Cu - B.Cu
    @(137.1000 mm, 65.9200 mm): Via [GND] on F.Cu - B.Cu
[holes_co_located]: Drilled holes co-located
    Local override; warning
    @(137.1000 mm, 65.9200 mm): Via [GND] on F.Cu - B.Cu
    @(137.1000 mm, 65.9200 mm): Via [GND] on F.Cu - B.Cu
[holes_co_located]: Drilled holes co-located
    Local override; warning
    @(137.1000 mm, 65.9200 mm): Via [GND] on F.Cu - B.Cu
    @(137.1000 mm, 65.9200 mm): Via [GND] on F.Cu - B.Cu
[holes_co_located]: Drilled holes co-located
    Local override; warning
    @(137.1000 mm, 65.9200 mm): Via [GND] on F.Cu - B.Cu
    @(137.1000 mm, 65.9200 mm): Via [GND] on F.Cu - B.Cu
[holes_co_located]: Drilled holes co-located
    Local override; warning
    @(137.1000 mm, 65.9200 mm): Via [GND] on F.Cu - B.Cu
    @(137.1000 mm, 65.9200 mm): Via [GND] on F.Cu - B.Cu
[holes_co_located]: Drilled holes co-located
    Local override; warning
    @(137.1000 mm, 65.9200 mm): Via [GND] on F.Cu - B.Cu
    @(137.1000 mm, 65.9200 mm): Via [GND] on F.Cu - B.Cu
[holes_co_located]: Drilled holes co-located
    Local override; warning
    @(137.1000 mm, 65.9200 mm): Via [GND] on F.Cu - B.Cu
    @(137.1000 mm, 65.9200 mm): Via [GND] on F.Cu - B.Cu
[holes_co_located]: Drilled holes co-located
    Local override; warning
    @(137.1000 mm, 65.9200 mm): Via [GND] on F.Cu - B.Cu
    @(137.1000 mm, 65.9200 mm): Via [GND] on F.Cu - B.Cu
[holes_co_located]: Drilled holes co-located
    Local override; warning
    @(137.1000 mm, 65.9200 mm): Via [GND] on F.Cu - B.Cu
    @(137.1000 mm, 65.9200 mm): Via [GND] on F.Cu - B.Cu
[holes_co_located]: Drilled holes co-located
    Local override; warning
    @(137.1000 mm, 65.9200 mm): Via [GND] on F.Cu - B.Cu
    @(137.1000 mm, 65.9200 mm): Via [GND] on F.Cu - B.Cu
[holes_co_located]: Drilled holes co-located
    Local override; warning
    @(137.1000 mm, 65.9200 mm): Via [GND] on F.Cu - B.Cu
    @(137.1000 mm, 65.9200 mm): Via [GND] on F.Cu - B.Cu
[holes_co_located]: Drilled holes co-located
    Local override; warning
    @(137.1000 mm, 65.9200 mm): Via [GND] on F.Cu - B.Cu
    @(137.1000 mm, 65.9200 mm): Via [GND] on F.Cu - B.Cu
[holes_co_located]: Drilled holes co-located
    Local override; warning
    @(137.1000 mm, 65.9200 mm): Via [GND] on F.Cu - B.Cu
    @(137.1000 mm, 65.9200 mm): Via [GND] on F.Cu - B.Cu
[holes_co_located]: Drilled holes co-located
    Local override; warning
    @(137.1000 mm, 65.9200 mm): Via [GND] on F.Cu - B.Cu
    @(137.1000 mm, 65.9200 mm): Via [GND] on F.Cu - B.Cu
[holes_co_located]: Drilled holes co-located
    Local override; warning
    @(137.1000 mm, 65.9200 mm): Via [GND] on F.Cu - B.Cu
    @(137.1000 mm, 65.9200 mm): Via [GND] on F.Cu - B.Cu
[holes_co_located]: Drilled holes co-located
    Local override; warning
    @(137.1000 mm, 65.9200 mm): Via [GND] on F.Cu - B.Cu
    @(137.1000 mm, 65.9200 mm): Via [GND] on F.Cu - B.Cu
[holes_co_located]: Drilled holes co-located
    Local override; warning
    @(137.1000 mm, 65.9200 mm): Via [GND] on F.Cu - B.Cu
    @(137.1000 mm, 65.9200 mm): Via [GND] on F.Cu - B.Cu
[holes_co_located]: Drilled holes co-located
    Local override; warning
    @(137.1000 mm, 65.9200 mm): Via [GND] on F.Cu - B.Cu
    @(137.1000 mm, 65.9200 mm): Via [GND] on F.Cu - B.Cu
[holes_co_located]: Drilled holes co-located
    Local override; warning
    @(137.1000 mm, 65.9200 mm): Via [GND] on F.Cu - B.Cu
    @(137.1000 mm, 65.9200 mm): Via [GND] on F.Cu - B.Cu
[holes_co_located]: Drilled holes co-located
    Local override; warning
    @(137.1000 mm, 65.9200 mm): Via [GND] on F.Cu - B.Cu
    @(137.1000 mm, 65.9200 mm): Via [GND] on F.Cu - B.Cu
[holes_co_located]: Drilled holes co-located
    Local override; warning
    @(137.1000 mm, 65.9200 mm): Via [GND] on F.Cu - B.Cu
    @(137.1000 mm, 65.9200 mm): Via [GND] on F.Cu - B.Cu
[holes_co_located]: Drilled holes co-located
    Local override; warning
    @(137.1000 mm, 65.9200 mm): Via [GND] on F.Cu - B.Cu
    @(137.1000 mm, 65.9200 mm): Via [GND] on F.Cu - B.Cu
[holes_co_located]: Drilled holes co-located
    Local override; warning
    @(137.1000 mm, 65.9200 mm): Via [GND] on F.Cu - B.Cu
    @(137.1000 mm, 65.9200 mm): Via [GND] on F.Cu - B.Cu
[holes_co_located]: Drilled holes co-located
    Local override; warning
    @(137.1000 mm, 65.9200 mm): Via [GND] on F.Cu - B.Cu
    @(137.1000 mm, 65.9200 mm): Via [GND] on F.Cu - B.Cu
[holes_co_located]: Drilled holes co-located
    Local override; warning
    @(137.1000 mm, 65.9200 mm): Via [GND] on F.Cu - B.Cu
    @(137.1000 mm, 65.9200 mm): Via [GND] on F.Cu - B.Cu
[holes_co_located]: Drilled holes co-located
    Local override; warning
    @(137.1000 mm, 65.9200 mm): Via [GND] on F.Cu - B.Cu
    @(137.1000 mm, 65.9200 mm): Via [GND] on F.Cu - B.Cu
[holes_co_located]: Drilled holes co-located
    Local override; warning
    @(137.1000 mm, 65.9200 mm): Via [GND] on F.Cu - B.Cu
    @(137.1000 mm, 65.9200 mm): Via [GND] on F.Cu - B.Cu
[holes_co_located]: Drilled holes co-located
    Local override; warning
    @(137.1000 mm, 65.9200 mm): Via [GND] on F.Cu - B.Cu
    @(137.1000 mm, 65.9200 mm): Via [GND] on F.Cu - B.Cu
[holes_co_located]: Drilled holes co-located
    Local override; warning
    @(137.1000 mm, 65.9200 mm): Via [GND] on F.Cu - B.Cu
    @(137.1000 mm, 65.9200 mm): Via [GND] on F.Cu - B.Cu
[holes_co_located]: Drilled holes co-located
    Local override; warning
    @(137.1000 mm, 65.9200 mm): Via [GND] on F.Cu - B.Cu
    @(137.1000 mm, 65.9200 mm): Via [GND] on F.Cu - B.Cu
[holes_co_located]: Drilled holes co-located
    Local override; warning
    @(137.1000 mm, 65.9200 mm): Via [GND] on F.Cu - B.Cu
    @(137.1000 mm, 65.9200 mm): Via [GND] on F.Cu - B.Cu
[holes_co_located]: Drilled holes co-located
    Local override; warning
    @(137.1000 mm, 65.9200 mm): Via [GND] on F.Cu - B.Cu
    @(137.1000 mm, 65.9200 mm): Via [GND] on F.Cu - B.Cu
[holes_co_located]: Drilled holes co-located
    Local override; warning
    @(137.1000 mm, 65.9200 mm): Via [GND] on F.Cu - B.Cu
    @(137.1000 mm, 65.9200 mm): Via [GND] on F.Cu - B.Cu
[holes_co_located]: Drilled holes co-located
    Local override; warning
    @(137.1000 mm, 65.9200 mm): Via [GND] on F.Cu - B.Cu
    @(137.1000 mm, 65.9200 mm): Via [GND] on F.Cu - B.Cu
[holes_co_located]: Drilled holes co-located
    Local override; warning
    @(137.1000 mm, 65.9200 mm): Via [GND] on F.Cu - B.Cu
    @(137.1000 mm, 65.9200 mm): Via [GND] on F.Cu - B.Cu
[holes_co_located]: Drilled holes co-located
    Local override; warning
    @(137.1000 mm, 65.9200 mm): Via [GND] on F.Cu - B.Cu
    @(137.1000 mm, 65.9200 mm): Via [GND] on F.Cu - B.Cu
[holes_co_located]: Drilled holes co-located
    Local override; warning
    @(137.1000 mm, 65.9200 mm): Via [GND] on F.Cu - B.Cu
    @(137.1000 mm, 65.9200 mm): Via [GND] on F.Cu - B.Cu
[hole_to_hole]: Drilled hole too close to other hole (board setup constraints min 0.2495 mm; actual 0.1502 mm)
    Rule: board setup constraints; warning
    @(141.1750 mm, 70.9000 mm): Via [/VIN] on F.Cu - B.Cu
    @(141.4266 mm, 71.2734 mm): Via [/VIN] on F.Cu - B.Cu
[hole_to_hole]: Drilled hole too close to other hole (board setup constraints min 0.2495 mm; actual 0.2067 mm)
    Rule: board setup constraints; warning
    @(141.7000 mm, 71.7000 mm): Via [/VIN] on F.Cu - B.Cu
    @(141.4266 mm, 71.2734 mm): Via [/VIN] on F.Cu - B.Cu
[holes_co_located]: Drilled holes co-located
    Local override; warning
    @(134.4550 mm, 42.8750 mm): Via [GND] on F.Cu - B.Cu
    @(134.4550 mm, 42.8750 mm): Via [GND] on F.Cu - B.Cu
[holes_co_located]: Drilled holes co-located
    Local override; warning
    @(134.4550 mm, 42.8750 mm): Via [GND] on F.Cu - B.Cu
    @(134.4550 mm, 42.8750 mm): Via [GND] on F.Cu - B.Cu
[holes_co_located]: Drilled holes co-located
    Local override; warning
    @(137.1000 mm, 65.9200 mm): Via [GND] on F.Cu - B.Cu
    @(137.1000 mm, 65.9200 mm): Via [GND] on F.Cu - B.Cu
[holes_co_located]: Drilled holes co-located
    Local override; warning
    @(137.1000 mm, 65.9200 mm): Via [GND] on F.Cu - B.Cu
    @(137.1000 mm, 65.9200 mm): Via [GND] on F.Cu - B.Cu
[holes_co_located]: Drilled holes co-located
    Local override; warning
    @(137.1000 mm, 65.9200 mm): Via [GND] on F.Cu - B.Cu
    @(137.1000 mm, 65.9200 mm): Via [GND] on F.Cu - B.Cu
[holes_co_located]: Drilled holes co-located
    Local override; warning
    @(137.1000 mm, 65.9200 mm): Via [GND] on F.Cu - B.Cu
    @(137.1000 mm, 65.9200 mm): Via [GND] on F.Cu - B.Cu
[holes_co_located]: Drilled holes co-located
    Local override; warning
    @(137.1000 mm, 65.9200 mm): Via [GND] on F.Cu - B.Cu
    @(137.1000 mm, 65.9200 mm): Via [GND] on F.Cu - B.Cu
[holes_co_located]: Drilled holes co-located
    Local override; warning
    @(137.1000 mm, 65.9200 mm): Via [GND] on F.Cu - B.Cu
    @(137.1000 mm, 65.9200 mm): Via [GND] on F.Cu - B.Cu
[holes_co_located]: Drilled holes co-located
    Local override; warning
    @(137.1000 mm, 65.9200 mm): Via [GND] on F.Cu - B.Cu
    @(137.1000 mm, 65.9200 mm): Via [GND] on F.Cu - B.Cu
[holes_co_located]: Drilled holes co-located
    Local override; warning
    @(137.1000 mm, 65.9200 mm): Via [GND] on F.Cu - B.Cu
    @(137.1000 mm, 65.9200 mm): Via [GND] on F.Cu - B.Cu
[holes_co_located]: Drilled holes co-located
    Local override; warning
    @(137.1000 mm, 65.9200 mm): Via [GND] on F.Cu - B.Cu
    @(137.1000 mm, 65.9200 mm): Via [GND] on F.Cu - B.Cu
[holes_co_located]: Drilled holes co-located
    Local override; warning
    @(137.1000 mm, 65.9200 mm): Via [GND] on F.Cu - B.Cu
    @(137.1000 mm, 65.9200 mm): Via [GND] on F.Cu - B.Cu
[holes_co_located]: Drilled holes co-located
    Local override; warning
    @(137.1000 mm, 65.9200 mm): Via [GND] on F.Cu - B.Cu
    @(137.1000 mm, 65.9200 mm): Via [GND] on F.Cu - B.Cu
[holes_co_located]: Drilled holes co-located
    Local override; warning
    @(137.1000 mm, 65.9200 mm): Via [GND] on F.Cu - B.Cu
    @(137.1000 mm, 65.9200 mm): Via [GND] on F.Cu - B.Cu
[holes_co_located]: Drilled holes co-located
    Local override; warning
    @(137.1000 mm, 65.9200 mm): Via [GND] on F.Cu - B.Cu
    @(137.1000 mm, 65.9200 mm): Via [GND] on F.Cu - B.Cu
[holes_co_located]: Drilled holes co-located
    Local override; warning
    @(137.1000 mm, 65.9200 mm): Via [GND] on F.Cu - B.Cu
    @(137.1000 mm, 65.9200 mm): Via [GND] on F.Cu - B.Cu
[holes_co_located]: Drilled holes co-located
    Local override; warning
    @(137.1000 mm, 65.9200 mm): Via [GND] on F.Cu - B.Cu
    @(137.1000 mm, 65.9200 mm): Via [GND] on F.Cu - B.Cu
[holes_co_located]: Drilled holes co-located
    Local override; warning
    @(137.1000 mm, 65.9200 mm): Via [GND] on F.Cu - B.Cu
    @(137.1000 mm, 65.9200 mm): Via [GND] on F.Cu - B.Cu
[holes_co_located]: Drilled holes co-located
    Local override; warning
    @(137.1000 mm, 65.9200 mm): Via [GND] on F.Cu - B.Cu
    @(137.1000 mm, 65.9200 mm): Via [GND] on F.Cu - B.Cu
[holes_co_located]: Drilled holes co-located
    Local override; warning
    @(121.9000 mm, 62.3200 mm): Via [GND] on F.Cu - B.Cu
    @(121.9000 mm, 62.3200 mm): Via [GND] on F.Cu - B.Cu
[holes_co_located]: Drilled holes co-located
    Local override; warning
    @(121.9000 mm, 62.3200 mm): Via [GND] on F.Cu - B.Cu
    @(121.9000 mm, 62.3200 mm): Via [GND] on F.Cu - B.Cu
[holes_co_located]: Drilled holes co-located
    Local override; warning
    @(137.1000 mm, 65.9200 mm): Via [GND] on F.Cu - B.Cu
    @(137.1000 mm, 65.9200 mm): Via [GND] on F.Cu - B.Cu
[holes_co_located]: Drilled holes co-located
    Local override; warning
    @(137.1000 mm, 65.9200 mm): Via [GND] on F.Cu - B.Cu
    @(137.1000 mm, 65.9200 mm): Via [GND] on F.Cu - B.Cu
[holes_co_located]: Drilled holes co-located
    Local override; warning
    @(137.1000 mm, 65.9200 mm): Via [GND] on F.Cu - B.Cu
    @(137.1000 mm, 65.9200 mm): Via [GND] on F.Cu - B.Cu
[holes_co_located]: Drilled holes co-located
    Local override; warning
    @(137.1000 mm, 65.9200 mm): Via [GND] on F.Cu - B.Cu
    @(137.1000 mm, 65.9200 mm): Via [GND] on F.Cu - B.Cu
[holes_co_located]: Drilled holes co-located
    Local override; warning
    @(137.1000 mm, 65.9200 mm): Via [GND] on F.Cu - B.Cu
    @(137.1000 mm, 65.9200 mm): Via [GND] on F.Cu - B.Cu
[holes_co_located]: Drilled holes co-located
    Local override; warning
    @(137.1000 mm, 65.9200 mm): Via [GND] on F.Cu - B.Cu
    @(137.1000 mm, 65.9200 mm): Via [GND] on F.Cu - B.Cu
[holes_co_located]: Drilled holes co-located
    Local override; warning
    @(137.1000 mm, 65.9200 mm): Via [GND] on F.Cu - B.Cu
    @(137.1000 mm, 65.9200 mm): Via [GND] on F.Cu - B.Cu
[holes_co_located]: Drilled holes co-located
    Local override; warning
    @(137.1000 mm, 65.9200 mm): Via [GND] on F.Cu - B.Cu
    @(137.1000 mm, 65.9200 mm): Via [GND] on F.Cu - B.Cu
[holes_co_located]: Drilled holes co-located
    Local override; warning
    @(137.1000 mm, 65.9200 mm): Via [GND] on F.Cu - B.Cu
    @(137.1000 mm, 65.9200 mm): Via [GND] on F.Cu - B.Cu
[holes_co_located]: Drilled holes co-located
    Local override; warning
    @(137.1000 mm, 65.9200 mm): Via [GND] on F.Cu - B.Cu
    @(137.1000 mm, 65.9200 mm): Via [GND] on F.Cu - B.Cu
[holes_co_located]: Drilled holes co-located
    Local override; warning
    @(137.1000 mm, 65.9200 mm): Via [GND] on F.Cu - B.Cu
    @(137.1000 mm, 65.9200 mm): Via [GND] on F.Cu - B.Cu
[holes_co_located]: Drilled holes co-located
    Local override; warning
    @(137.1000 mm, 65.9200 mm): Via [GND] on F.Cu - B.Cu
    @(137.1000 mm, 65.9200 mm): Via [GND] on F.Cu - B.Cu
[holes_co_located]: Drilled holes co-located
    Local override; warning
    @(137.1000 mm, 65.9200 mm): Via [GND] on F.Cu - B.Cu
    @(137.1000 mm, 65.9200 mm): Via [GND] on F.Cu - B.Cu
[holes_co_located]: Drilled holes co-located
    Local override; warning
    @(134.4550 mm, 42.8750 mm): Via [GND] on F.Cu - B.Cu
    @(134.4550 mm, 42.8750 mm): Via [GND] on F.Cu - B.Cu
[holes_co_located]: Drilled holes co-located
    Local override; warning
    @(137.1000 mm, 65.9200 mm): Via [GND] on F.Cu - B.Cu
    @(137.1000 mm, 65.9200 mm): Via [GND] on F.Cu - B.Cu
[holes_co_located]: Drilled holes co-located
    Local override; warning
    @(137.1000 mm, 65.9200 mm): Via [GND] on F.Cu - B.Cu
    @(137.1000 mm, 65.9200 mm): Via [GND] on F.Cu - B.Cu
[holes_co_located]: Drilled holes co-located
    Local override; warning
    @(137.1000 mm, 65.9200 mm): Via [GND] on F.Cu - B.Cu
    @(137.1000 mm, 65.9200 mm): Via [GND] on F.Cu - B.Cu
[holes_co_located]: Drilled holes co-located
    Local override; warning
    @(137.1000 mm, 65.9200 mm): Via [GND] on F.Cu - B.Cu
    @(137.1000 mm, 65.9200 mm): Via [GND] on F.Cu - B.Cu
[holes_co_located]: Drilled holes co-located
    Local override; warning
    @(137.1000 mm, 65.9200 mm): Via [GND] on F.Cu - B.Cu
    @(137.1000 mm, 65.9200 mm): Via [GND] on F.Cu - B.Cu
[holes_co_located]: Drilled holes co-located
    Local override; warning
    @(121.9000 mm, 62.3200 mm): Via [GND] on F.Cu - B.Cu
    @(121.9000 mm, 62.3200 mm): Via [GND] on F.Cu - B.Cu
[holes_co_located]: Drilled holes co-located
    Local override; warning
    @(137.1000 mm, 65.9200 mm): Via [GND] on F.Cu - B.Cu
    @(137.1000 mm, 65.9200 mm): Via [GND] on F.Cu - B.Cu
[holes_co_located]: Drilled holes co-located
    Local override; warning
    @(137.1000 mm, 65.9200 mm): Via [GND] on F.Cu - B.Cu
    @(137.1000 mm, 65.9200 mm): Via [GND] on F.Cu - B.Cu
[holes_co_located]: Drilled holes co-located
    Local override; warning
    @(137.1000 mm, 65.9200 mm): Via [GND] on F.Cu - B.Cu
    @(137.1000 mm, 65.9200 mm): Via [GND] on F.Cu - B.Cu
[holes_co_located]: Drilled holes co-located
    Local override; warning
    @(137.1000 mm, 65.9200 mm): Via [GND] on F.Cu - B.Cu
    @(137.1000 mm, 65.9200 mm): Via [GND] on F.Cu - B.Cu
[holes_co_located]: Drilled holes co-located
    Local override; warning
    @(137.1000 mm, 65.9200 mm): Via [GND] on F.Cu - B.Cu
    @(137.1000 mm, 65.9200 mm): Via [GND] on F.Cu - B.Cu
[holes_co_located]: Drilled holes co-located
    Local override; warning
    @(137.1000 mm, 65.9200 mm): Via [GND] on F.Cu - B.Cu
    @(137.1000 mm, 65.9200 mm): Via [GND] on F.Cu - B.Cu
[holes_co_located]: Drilled holes co-located
    Local override; warning
    @(137.1000 mm, 65.9200 mm): Via [GND] on F.Cu - B.Cu
    @(137.1000 mm, 65.9200 mm): Via [GND] on F.Cu - B.Cu
[holes_co_located]: Drilled holes co-located
    Local override; warning
    @(137.1000 mm, 65.9200 mm): Via [GND] on F.Cu - B.Cu
    @(137.1000 mm, 65.9200 mm): Via [GND] on F.Cu - B.Cu
[holes_co_located]: Drilled holes co-located
    Local override; warning
    @(137.1000 mm, 65.9200 mm): Via [GND] on F.Cu - B.Cu
    @(137.1000 mm, 65.9200 mm): Via [GND] on F.Cu - B.Cu
[holes_co_located]: Drilled holes co-located
    Local override; warning
    @(137.1000 mm, 65.9200 mm): Via [GND] on F.Cu - B.Cu
    @(137.1000 mm, 65.9200 mm): Via [GND] on F.Cu - B.Cu
[hole_to_hole]: Drilled hole too close to other hole (board setup constraints min 0.2495 mm; actual 0.0000 mm)
    Rule: board setup constraints; warning
    @(126.4125 mm, 68.0125 mm): Via [+3V3] on F.Cu - B.Cu
    @(126.4250 mm, 68.0000 mm): Via [+3V3] on F.Cu - B.Cu
[lib_footprint_mismatch]: Footprint 'SOT-23-3_L2.9-W1.3-P1.90-LS2.4-BR' does not match copy in library 'easyeda2kicad'
    Local override; warning
    @(104.6000 mm, 52.8000 mm): Footprint D2
[silk_overlap]: Silkscreen clearance
    Rule: board setup constraints silk; warning
    @(118.5900 mm, 44.9400 mm): Segment of X1 on F.Silkscreen
    @(118.0000 mm, 45.5200 mm): Reference field of C2
[silk_overlap]: Silkscreen clearance
    Rule: board setup constraints silk; warning
    @(118.0000 mm, 45.5200 mm): Reference field of C2
    @(121.1300 mm, 44.9400 mm): Segment of X1 on F.Silkscreen
[silk_overlap]: Silkscreen clearance
    Rule: board setup constraints silk; warning
    @(116.3000 mm, 47.7520 mm): Reference field of TP2
    @(117.5000 mm, 46.8000 mm): Reference field of C27
[silk_overlap]: Silkscreen clearance
    Rule: board setup constraints silk; warning
    @(117.6000 mm, 47.9000 mm): Reference field of C28
    @(117.5000 mm, 46.8000 mm): Reference field of C27
[silk_overlap]: Silkscreen clearance
    Rule: board setup constraints silk; warning
    @(118.1000 mm, 42.3200 mm): Reference field of C1
    @(118.5900 mm, 42.9000 mm): Segment of X1 on F.Silkscreen
[silk_overlap]: Silkscreen clearance
    Rule: board setup constraints silk; warning
    @(118.5900 mm, 44.9400 mm): Segment of X1 on F.Silkscreen
    @(118.1000 mm, 42.3200 mm): Reference field of C1
[silk_overlap]: Silkscreen clearance
    Rule: board setup constraints silk; warning
    @(116.3000 mm, 47.7520 mm): Reference field of TP2
    @(117.6000 mm, 47.9000 mm): Reference field of C28
[silk_overlap]: Silkscreen clearance
    Rule: board setup constraints silk; warning
    @(123.7050 mm, 79.3613 mm): Segment of C8 on F.Silkscreen
    @(124.3000 mm, 79.1000 mm): Reference field of C9
[silk_overlap]: Silkscreen clearance
    Rule: board setup constraints silk; warning
    @(126.7150 mm, 79.3613 mm): Segment of C9 on F.Silkscreen
    @(127.3100 mm, 79.1000 mm): Reference field of C10
[silk_overlap]: Silkscreen clearance
    Rule: board setup constraints silk; warning
    @(116.3000 mm, 49.2000 mm): Circle of TP2 on F.Silkscreen
    @(117.0000 mm, 49.4000 mm): Reference field of R12
[silk_overlap]: Silkscreen clearance
    Rule: board setup constraints silk; warning
    @(132.7350 mm, 79.3613 mm): Segment of C11 on F.Silkscreen
    @(133.3300 mm, 79.1000 mm): Reference field of C12
[silk_overlap]: Silkscreen clearance
    Rule: board setup constraints silk; warning
    @(139.1000 mm, 57.8000 mm): Reference field of R3
    @(139.1600 mm, 58.3000 mm): Segment of D1 on F.Silkscreen
[silk_overlap]: Silkscreen clearance
    Rule: board setup constraints silk; warning
    @(139.1000 mm, 57.8000 mm): Reference field of R3
    @(139.1600 mm, 58.3000 mm): Segment of D1 on F.Silkscreen
[silk_overlap]: Silkscreen clearance
    Rule: board setup constraints silk; warning
    @(130.3200 mm, 79.1000 mm): Reference field of C11
    @(129.7250 mm, 79.3613 mm): Segment of C10 on F.Silkscreen
[silk_overlap]: Silkscreen clearance
    Rule: board setup constraints silk; warning
    @(144.0000 mm, 68.7000 mm): Reference field of M1
    @(143.3000 mm, 68.4000 mm): Reference field of C13
[silk_over_copper]: Silkscreen clipped by solder mask
    Local override; warning
    @(127.3100 mm, 79.1000 mm): Reference field of C10
    @(125.9800 mm, 80.0500 mm): Pad 1 [/VIN] of C9 on F.Cu
[silk_over_copper]: Silkscreen clipped by solder mask
    Local override; warning
    @(117.0000 mm, 49.4000 mm): Reference field of R12
    @(116.3000 mm, 49.2000 mm): Pad 1 [+3V3] of TP2 on F.Cu
[silk_over_copper]: Silkscreen clipped by solder mask
    Local override; warning
    @(133.3300 mm, 79.1000 mm): Reference field of C12
    @(132.0000 mm, 80.0500 mm): Pad 1 [/VIN] of C11 on F.Cu
[silk_over_copper]: Silkscreen clipped by solder mask
    Local override; warning
    @(133.3300 mm, 79.1000 mm): Reference field of C12
    @(132.0000 mm, 78.1500 mm): Pad 2 [GND] of C11 on F.Cu
[silk_over_copper]: Silkscreen clipped by solder mask
    Local override; warning
    @(139.1000 mm, 57.8000 mm): Reference field of R3
    @(138.4500 mm, 57.3000 mm): Pad 1 [Net-(D1-K)] of D1 on F.Cu
[silk_over_copper]: Silkscreen clipped by solder mask
    Local override; warning
    @(130.3200 mm, 79.1000 mm): Reference field of C11
    @(128.9900 mm, 80.0500 mm): Pad 1 [/VIN] of C10 on F.Cu
[silk_over_copper]: Silkscreen clipped by solder mask
    Local override; warning
    @(130.3200 mm, 79.1000 mm): Reference field of C11
    @(128.9900 mm, 78.1500 mm): Pad 2 [GND] of C10 on F.Cu
[silk_over_copper]: Silkscreen clipped by solder mask
    Local override; warning
    @(127.3100 mm, 79.1000 mm): Reference field of C10
    @(125.9800 mm, 78.1500 mm): Pad 2 [GND] of C9 on F.Cu

** Found 0 unconnected pads **

** Found 0 Footprint errors **

** Ignored checks **
    - Footprint has no courtyard defined
    - Track endpoint not centered on via
    - Tuning profile track geometries
    - Footprint doesn't match symbol's footprint filters
    - Footprint component type doesn't match footprint pads

** End of Report **
