** Drc report for MotorCAN.kicad_pcb **
** Created on 2026-07-12T11:58:48 **
** Report includes: Errors, Warnings **

** Found 34 DRC violations **
[clearance]: Clearance violation ( clearance 0.2000 mm; actual 0.1750 mm)
    Local override; error
    @(140.5000 mm, 65.9000 mm): Track [/OUTB] on F.Cu, length 2.9000 mm
    @(137.1000 mm, 65.9200 mm): Pad 41 [GND] of U2 on F.Cu
[clearance]: Clearance violation ( clearance 0.2000 mm; actual 0.1820 mm)
    Local override; error
    @(137.6000 mm, 62.3750 mm): Pad 1 [/AVDD_] of C14 on F.Cu
    @(136.5966 mm, 62.4308 mm): Track [/INA] on F.Cu, length 0.3584 mm
[clearance]: Clearance violation ( clearance 0.2000 mm; actual 0.1820 mm)
    Local override; error
    @(137.6000 mm, 62.3750 mm): Pad 1 [/AVDD_] of C14 on F.Cu
    @(136.8500 mm, 62.6842 mm): Track [/INA] on F.Cu, length 0.8358 mm
[clearance]: Clearance violation ( clearance 0.2000 mm; actual 0.1420 mm)
    Local override; error
    @(130.7000 mm, 55.3250 mm): Pad 1 [+3V3] of FB1 on F.Cu
    @(125.5500 mm, 51.2751 mm): Track [/MISO] on F.Cu, length 7.9557 mm
[clearance]: Clearance violation ( clearance 0.2000 mm; actual 0.1900 mm)
    Local override; error
    @(114.7600 mm, 53.1200 mm): Pad 2 [GND] of U3 on F.Cu
    @(114.7600 mm, 52.4800 mm): Pad 3 [+3V3] of U3 on F.Cu
[clearance]: Clearance violation ( clearance 0.2000 mm; actual 0.1900 mm)
    Local override; error
    @(112.2400 mm, 52.4800 mm): Pad 6 [/CAN-] of U3 on F.Cu
    @(112.2400 mm, 53.1200 mm): Pad 7 [/CAN+] of U3 on F.Cu
[silk_edge_clearance]: Silkscreen clipped by board edge
    Rule: board setup constraints silk; warning
    @(120.0000 mm, 65.0000 mm): Circle on Edge.Cuts
    @(89.3650 mm, 60.4400 mm): Segment of J2 on F.Silkscreen
[silk_edge_clearance]: Silkscreen clipped by board edge
    Rule: board setup constraints silk; warning
    @(120.0000 mm, 65.0000 mm): Circle on Edge.Cuts
    @(89.3650 mm, 70.5600 mm): Segment of J2 on F.Silkscreen
[silk_edge_clearance]: Silkscreen clipped by board edge
    Rule: board setup constraints silk; warning
    @(120.0000 mm, 65.0000 mm): Circle on Edge.Cuts
    @(96.2445 mm, 85.1492 mm): Segment of J3 on F.Silkscreen
[silk_edge_clearance]: Silkscreen clipped by board edge
    Rule: board setup constraints silk; warning
    @(120.0000 mm, 65.0000 mm): Circle on Edge.Cuts
    @(102.6509 mm, 91.5556 mm): Segment of J3 on F.Silkscreen
[lib_footprint_mismatch]: Footprint 'SOT-23-3_L2.9-W1.3-P1.90-LS2.4-BR' does not match copy in library 'easyeda2kicad'
    Local override; warning
    @(104.6000 mm, 52.8000 mm): Footprint D2
[silk_overlap]: Silkscreen clearance
    Rule: board setup constraints silk; warning
    @(118.5900 mm, 44.9400 mm): Segment of X1 on F.Silkscreen
    @(118.0000 mm, 45.5200 mm): Reference field of C2
[silk_overlap]: Silkscreen clearance
    Rule: board setup constraints silk; warning
    @(118.0000 mm, 45.5200 mm): Reference field of C2
    @(121.1300 mm, 44.9400 mm): Segment of X1 on F.Silkscreen
[silk_overlap]: Silkscreen clearance
    Rule: board setup constraints silk; warning
    @(116.3000 mm, 47.7520 mm): Reference field of TP2
    @(117.5000 mm, 46.8000 mm): Reference field of C27
[silk_overlap]: Silkscreen clearance
    Rule: board setup constraints silk; warning
    @(117.6000 mm, 47.9000 mm): Reference field of C28
    @(117.5000 mm, 46.8000 mm): Reference field of C27
[silk_overlap]: Silkscreen clearance
    Rule: board setup constraints silk; warning
    @(118.1000 mm, 42.3200 mm): Reference field of C1
    @(118.5900 mm, 42.9000 mm): Segment of X1 on F.Silkscreen
[silk_overlap]: Silkscreen clearance
    Rule: board setup constraints silk; warning
    @(118.5900 mm, 44.9400 mm): Segment of X1 on F.Silkscreen
    @(118.1000 mm, 42.3200 mm): Reference field of C1
[silk_overlap]: Silkscreen clearance
    Rule: board setup constraints silk; warning
    @(116.3000 mm, 47.7520 mm): Reference field of TP2
    @(117.6000 mm, 47.9000 mm): Reference field of C28
[silk_overlap]: Silkscreen clearance
    Rule: board setup constraints silk; warning
    @(123.7050 mm, 79.3613 mm): Segment of C8 on F.Silkscreen
    @(124.3000 mm, 79.1000 mm): Reference field of C9
[silk_overlap]: Silkscreen clearance
    Rule: board setup constraints silk; warning
    @(126.7150 mm, 79.3613 mm): Segment of C9 on F.Silkscreen
    @(127.3100 mm, 79.1000 mm): Reference field of C10
[silk_overlap]: Silkscreen clearance
    Rule: board setup constraints silk; warning
    @(116.3000 mm, 49.2000 mm): Circle of TP2 on F.Silkscreen
    @(117.0000 mm, 49.4000 mm): Reference field of R12
[silk_overlap]: Silkscreen clearance
    Rule: board setup constraints silk; warning
    @(132.7350 mm, 79.3613 mm): Segment of C11 on F.Silkscreen
    @(133.3300 mm, 79.1000 mm): Reference field of C12
[silk_overlap]: Silkscreen clearance
    Rule: board setup constraints silk; warning
    @(139.1000 mm, 57.8000 mm): Reference field of R3
    @(139.1600 mm, 58.3000 mm): Segment of D1 on F.Silkscreen
[silk_overlap]: Silkscreen clearance
    Rule: board setup constraints silk; warning
    @(139.1000 mm, 57.8000 mm): Reference field of R3
    @(139.1600 mm, 58.3000 mm): Segment of D1 on F.Silkscreen
[silk_overlap]: Silkscreen clearance
    Rule: board setup constraints silk; warning
    @(130.3200 mm, 79.1000 mm): Reference field of C11
    @(129.7250 mm, 79.3613 mm): Segment of C10 on F.Silkscreen
[silk_overlap]: Silkscreen clearance
    Rule: board setup constraints silk; warning
    @(144.0000 mm, 68.7000 mm): Reference field of M1
    @(143.3000 mm, 68.4000 mm): Reference field of C13
[silk_over_copper]: Silkscreen clipped by solder mask
    Local override; warning
    @(127.3100 mm, 79.1000 mm): Reference field of C10
    @(125.9800 mm, 80.0500 mm): Pad 1 [/VIN] of C9 on F.Cu
[silk_over_copper]: Silkscreen clipped by solder mask
    Local override; warning
    @(117.0000 mm, 49.4000 mm): Reference field of R12
    @(116.3000 mm, 49.2000 mm): Pad 1 [+3V3] of TP2 on F.Cu
[silk_over_copper]: Silkscreen clipped by solder mask
    Local override; warning
    @(133.3300 mm, 79.1000 mm): Reference field of C12
    @(132.0000 mm, 80.0500 mm): Pad 1 [/VIN] of C11 on F.Cu
[silk_over_copper]: Silkscreen clipped by solder mask
    Local override; warning
    @(133.3300 mm, 79.1000 mm): Reference field of C12
    @(132.0000 mm, 78.1500 mm): Pad 2 [GND] of C11 on F.Cu
[silk_over_copper]: Silkscreen clipped by solder mask
    Local override; warning
    @(139.1000 mm, 57.8000 mm): Reference field of R3
    @(138.4500 mm, 57.3000 mm): Pad 1 [Net-(D1-K)] of D1 on F.Cu
[silk_over_copper]: Silkscreen clipped by solder mask
    Local override; warning
    @(130.3200 mm, 79.1000 mm): Reference field of C11
    @(128.9900 mm, 80.0500 mm): Pad 1 [/VIN] of C10 on F.Cu
[silk_over_copper]: Silkscreen clipped by solder mask
    Local override; warning
    @(130.3200 mm, 79.1000 mm): Reference field of C11
    @(128.9900 mm, 78.1500 mm): Pad 2 [GND] of C10 on F.Cu
[silk_over_copper]: Silkscreen clipped by solder mask
    Local override; warning
    @(127.3100 mm, 79.1000 mm): Reference field of C10
    @(125.9800 mm, 78.1500 mm): Pad 2 [GND] of C9 on F.Cu

** Found 0 unconnected pads **

** Found 0 Footprint errors **

** Ignored checks **
    - Footprint has no courtyard defined
    - Track endpoint not centered on via
    - Tuning profile track geometries
    - Footprint doesn't match symbol's footprint filters
    - Footprint component type doesn't match footprint pads

** End of Report **
